mode: set
github.com/joshsukhdeo/gh-pt/cmd/completions.go:7.46,11.15 3 0
github.com/joshsukhdeo/gh-pt/cmd/completions.go:12.14,14.56 2 0
github.com/joshsukhdeo/gh-pt/cmd/completions.go:15.13,18.56 3 0
github.com/joshsukhdeo/gh-pt/cmd/completions.go:19.20,41.23 2 0
github.com/joshsukhdeo/gh-pt/cmd/completions.go:42.10,43.52 1 0
github.com/joshsukhdeo/gh-pt/cmd/completions.go:45.2,45.12 1 0
github.com/joshsukhdeo/gh-pt/cmd/config_cmd.go:16.23,18.16 2 1
github.com/joshsukhdeo/gh-pt/cmd/config_cmd.go:18.16,20.3 1 0
github.com/joshsukhdeo/gh-pt/cmd/config_cmd.go:21.2,22.12 2 1
github.com/joshsukhdeo/gh-pt/cmd/config_cmd.go:25.34,27.2 1 1
github.com/joshsukhdeo/gh-pt/cmd/config_cmd.go:29.39,31.2 1 1
github.com/joshsukhdeo/gh-pt/cmd/config_cmd.go:33.33,35.2 1 1
github.com/joshsukhdeo/gh-pt/cmd/config_cmd.go:37.25,39.16 2 0
github.com/joshsukhdeo/gh-pt/cmd/config_cmd.go:39.16,41.3 1 0
github.com/joshsukhdeo/gh-pt/cmd/config_cmd.go:43.2,43.6 1 0
github.com/joshsukhdeo/gh-pt/cmd/config_cmd.go:43.6,49.25 2 0
github.com/joshsukhdeo/gh-pt/cmd/config_cmd.go:49.25,50.9 1 0
github.com/joshsukhdeo/gh-pt/cmd/config_cmd.go:53.3,55.48 2 0
github.com/joshsukhdeo/gh-pt/cmd/config_cmd.go:55.48,57.4 1 0
github.com/joshsukhdeo/gh-pt/cmd/config_cmd.go:57.9,59.4 1 0
github.com/joshsukhdeo/gh-pt/cmd/config_cmd.go:62.2,62.12 1 0
github.com/joshsukhdeo/gh-pt/cmd/config_cmd.go:65.62,66.6 1 0
github.com/joshsukhdeo/gh-pt/cmd/config_cmd.go:66.6,70.19 3 0
github.com/joshsukhdeo/gh-pt/cmd/config_cmd.go:71.16,78.5 1 0
github.com/joshsukhdeo/gh-pt/cmd/config_cmd.go:79.13,84.5 1 0
github.com/joshsukhdeo/gh-pt/cmd/config_cmd.go:85.15,100.5 1 0
github.com/joshsukhdeo/gh-pt/cmd/config_cmd.go:103.3,108.25 2 0
github.com/joshsukhdeo/gh-pt/cmd/config_cmd.go:108.25,109.9 1 0
github.com/joshsukhdeo/gh-pt/cmd/config_cmd.go:112.3,112.37 1 0
github.com/joshsukhdeo/gh-pt/cmd/config_cmd.go:116.63,119.21 2 0
github.com/joshsukhdeo/gh-pt/cmd/config_cmd.go:119.21,121.3 1 0
github.com/joshsukhdeo/gh-pt/cmd/config_cmd.go:122.2,124.18 2 0
github.com/joshsukhdeo/gh-pt/cmd/config_cmd.go:125.15,126.20 1 0
github.com/joshsukhdeo/gh-pt/cmd/config_cmd.go:127.22,128.142 1 0
github.com/joshsukhdeo/gh-pt/cmd/config_cmd.go:129.21,130.139 1 0
github.com/joshsukhdeo/gh-pt/cmd/config_cmd.go:131.20,132.136 1 0
github.com/joshsukhdeo/gh-pt/cmd/config_cmd.go:133.19,134.133 1 0
github.com/joshsukhdeo/gh-pt/cmd/config_cmd.go:136.12,137.20 1 0
github.com/joshsukhdeo/gh-pt/cmd/config_cmd.go:138.16,139.118 1 0
github.com/joshsukhdeo/gh-pt/cmd/config_cmd.go:140.27,141.151 1 0
github.com/joshsukhdeo/gh-pt/cmd/config_cmd.go:143.14,144.20 1 0
github.com/joshsukhdeo/gh-pt/cmd/config_cmd.go:145.23,146.143 1 0
github.com/joshsukhdeo/gh-pt/cmd/config_cmd.go:147.15,148.119 1 0
github.com/joshsukhdeo/gh-pt/cmd/config_cmd.go:149.19,150.131 1 0
github.com/joshsukhdeo/gh-pt/cmd/config_cmd.go:151.18,152.126 1 0
github.com/joshsukhdeo/gh-pt/cmd/config_cmd.go:153.17,154.123 1 0
github.com/joshsukhdeo/gh-pt/cmd/config_cmd.go:155.25,156.147 1 0
github.com/joshsukhdeo/gh-pt/cmd/config_cmd.go:157.22,158.138 1 0
github.com/joshsukhdeo/gh-pt/cmd/config_cmd.go:159.20,160.134 1 0
github.com/joshsukhdeo/gh-pt/cmd/config_cmd.go:161.23,162.141 1 0
github.com/joshsukhdeo/gh-pt/cmd/config_cmd.go:163.26,164.150 1 0
github.com/joshsukhdeo/gh-pt/cmd/config_cmd.go:165.23,166.141 1 0
github.com/joshsukhdeo/gh-pt/cmd/config_cmd.go:167.20,168.132 1 0
github.com/joshsukhdeo/gh-pt/cmd/config_cmd.go:173.44,178.54 3 0
github.com/joshsukhdeo/gh-pt/cmd/config_cmd.go:178.54,180.3 1 0
github.com/joshsukhdeo/gh-pt/cmd/config_cmd.go:182.2,183.16 2 0
github.com/joshsukhdeo/gh-pt/cmd/config_cmd.go:183.16,184.45 1 0
github.com/joshsukhdeo/gh-pt/cmd/config_cmd.go:184.45,186.36 2 0
github.com/joshsukhdeo/gh-pt/cmd/config_cmd.go:186.36,188.5 1 0
github.com/joshsukhdeo/gh-pt/cmd/config_cmd.go:192.2,193.12 2 0
github.com/joshsukhdeo/gh-pt/cmd/config_cmd.go:196.37,200.16 3 1
github.com/joshsukhdeo/gh-pt/cmd/config_cmd.go:200.16,202.3 1 0
github.com/joshsukhdeo/gh-pt/cmd/config_cmd.go:204.2,205.35 2 1
github.com/joshsukhdeo/gh-pt/cmd/config_cmd.go:205.35,207.3 1 0
github.com/joshsukhdeo/gh-pt/cmd/config_cmd.go:209.2,209.18 1 1
github.com/joshsukhdeo/gh-pt/cmd/config_cmd.go:209.18,211.3 1 1
github.com/joshsukhdeo/gh-pt/cmd/config_cmd.go:213.2,214.16 2 0
github.com/joshsukhdeo/gh-pt/cmd/config_cmd.go:214.16,216.3 1 0
github.com/joshsukhdeo/gh-pt/cmd/config_cmd.go:218.2,219.13 2 0
github.com/joshsukhdeo/gh-pt/cmd/config_cmd.go:219.13,221.64 1 0
github.com/joshsukhdeo/gh-pt/cmd/config_cmd.go:221.64,223.18 2 0
github.com/joshsukhdeo/gh-pt/cmd/config_cmd.go:223.18,225.5 1 0
github.com/joshsukhdeo/gh-pt/cmd/config_cmd.go:226.4,226.78 1 0
github.com/joshsukhdeo/gh-pt/cmd/config_cmd.go:228.3,228.86 1 0
github.com/joshsukhdeo/gh-pt/cmd/config_cmd.go:231.2,231.26 1 0
github.com/joshsukhdeo/gh-pt/cmd/config_cmd.go:231.26,233.3 1 0
github.com/joshsukhdeo/gh-pt/cmd/config_cmd.go:235.2,235.38 1 0
github.com/joshsukhdeo/gh-pt/cmd/config_cmd.go:235.38,238.17 3 0
github.com/joshsukhdeo/gh-pt/cmd/config_cmd.go:238.17,240.12 2 0
github.com/joshsukhdeo/gh-pt/cmd/config_cmd.go:243.3,243.94 1 0
github.com/joshsukhdeo/gh-pt/cmd/config_cmd.go:243.94,245.4 1 0
github.com/joshsukhdeo/gh-pt/cmd/config_cmd.go:248.2,249.34 2 0
github.com/joshsukhdeo/gh-pt/cmd/config_cmd.go:249.34,251.3 1 0
github.com/joshsukhdeo/gh-pt/cmd/config_cmd.go:253.2,254.12 2 0
github.com/joshsukhdeo/gh-pt/cmd/config_cmd.go:257.33,260.2 2 1
github.com/joshsukhdeo/gh-pt/cmd/indicators.go:6.123,8.14 2 1
github.com/joshsukhdeo/gh-pt/cmd/indicators.go:8.14,9.19 1 1
github.com/joshsukhdeo/gh-pt/cmd/indicators.go:9.19,11.4 1 1
github.com/joshsukhdeo/gh-pt/cmd/indicators.go:11.9,13.4 1 1
github.com/joshsukhdeo/gh-pt/cmd/indicators.go:15.2,15.42 1 1
github.com/joshsukhdeo/gh-pt/cmd/indicators.go:15.42,16.19 1 1
github.com/joshsukhdeo/gh-pt/cmd/indicators.go:16.19,18.4 1 1
github.com/joshsukhdeo/gh-pt/cmd/indicators.go:18.9,20.4 1 1
github.com/joshsukhdeo/gh-pt/cmd/indicators.go:22.2,22.40 1 1
github.com/joshsukhdeo/gh-pt/cmd/indicators.go:22.40,23.19 1 1
github.com/joshsukhdeo/gh-pt/cmd/indicators.go:23.19,25.4 1 1
github.com/joshsukhdeo/gh-pt/cmd/indicators.go:25.9,27.4 1 1
github.com/joshsukhdeo/gh-pt/cmd/indicators.go:29.2,29.17 1 1
github.com/joshsukhdeo/gh-pt/cmd/indicators.go:29.17,30.19 1 1
github.com/joshsukhdeo/gh-pt/cmd/indicators.go:30.19,32.4 1 1
github.com/joshsukhdeo/gh-pt/cmd/indicators.go:32.9,34.4 1 1
github.com/joshsukhdeo/gh-pt/cmd/indicators.go:36.2,36.20 1 1
github.com/joshsukhdeo/gh-pt/cmd/root.go:38.36,39.66 1 0
github.com/joshsukhdeo/gh-pt/cmd/root.go:39.66,42.3 2 0
github.com/joshsukhdeo/gh-pt/cmd/root.go:44.2,44.150 1 0
github.com/joshsukhdeo/gh-pt/cmd/root.go:44.150,46.13 2 0
github.com/joshsukhdeo/gh-pt/cmd/root.go:46.13,48.4 1 0
github.com/joshsukhdeo/gh-pt/cmd/root.go:51.2,51.34 1 0
github.com/joshsukhdeo/gh-pt/cmd/root.go:51.34,53.3 1 0
github.com/joshsukhdeo/gh-pt/cmd/root.go:55.2,55.90 1 0
github.com/joshsukhdeo/gh-pt/cmd/root.go:55.90,57.3 1 0
github.com/joshsukhdeo/gh-pt/cmd/root.go:60.2,60.22 1 0
github.com/joshsukhdeo/gh-pt/cmd/root.go:60.22,61.15 1 0
github.com/joshsukhdeo/gh-pt/cmd/root.go:61.15,63.46 1 0
github.com/joshsukhdeo/gh-pt/cmd/root.go:63.46,65.5 1 0
github.com/joshsukhdeo/gh-pt/cmd/root.go:66.9,66.37 1 0
github.com/joshsukhdeo/gh-pt/cmd/root.go:66.37,73.4 3 0
github.com/joshsukhdeo/gh-pt/cmd/root.go:76.2,76.24 1 0
github.com/joshsukhdeo/gh-pt/cmd/root.go:76.24,82.3 3 0
github.com/joshsukhdeo/gh-pt/cmd/root.go:84.2,85.16 2 0
github.com/joshsukhdeo/gh-pt/cmd/root.go:85.16,86.26 1 0
github.com/joshsukhdeo/gh-pt/cmd/root.go:86.26,88.21 2 0
github.com/joshsukhdeo/gh-pt/cmd/root.go:88.21,92.5 1 0
github.com/joshsukhdeo/gh-pt/cmd/root.go:94.4,94.18 1 0
github.com/joshsukhdeo/gh-pt/cmd/root.go:94.18,96.19 2 0
github.com/joshsukhdeo/gh-pt/cmd/root.go:96.19,101.6 2 0
github.com/joshsukhdeo/gh-pt/cmd/root.go:102.5,102.15 1 0
github.com/joshsukhdeo/gh-pt/cmd/root.go:103.10,108.5 2 0
github.com/joshsukhdeo/gh-pt/cmd/root.go:111.3,114.13 2 0
github.com/joshsukhdeo/gh-pt/cmd/root.go:117.2,117.36 1 0
github.com/joshsukhdeo/gh-pt/cmd/root.go:117.36,122.3 2 0
github.com/joshsukhdeo/gh-pt/cmd/root.go:124.2,124.12 1 0
github.com/joshsukhdeo/gh-pt/cmd/root.go:127.36,130.2 2 0
github.com/joshsukhdeo/gh-pt/cmd/root.go:132.38,135.15 3 1
github.com/joshsukhdeo/gh-pt/cmd/root.go:135.15,137.3 1 0
github.com/joshsukhdeo/gh-pt/cmd/root.go:138.2,138.44 1 1
github.com/joshsukhdeo/gh-pt/cmd/root.go:138.44,140.3 1 0
github.com/joshsukhdeo/gh-pt/cmd/root.go:141.2,144.38 3 1
github.com/joshsukhdeo/gh-pt/cmd/root.go:144.38,152.31 2 0
github.com/joshsukhdeo/gh-pt/cmd/root.go:152.31,154.4 1 0
github.com/joshsukhdeo/gh-pt/cmd/root.go:154.9,156.4 1 0
github.com/joshsukhdeo/gh-pt/cmd/root.go:157.8,157.37 1 1
github.com/joshsukhdeo/gh-pt/cmd/root.go:157.37,159.3 1 0
github.com/joshsukhdeo/gh-pt/cmd/root.go:161.2,161.16 1 1
github.com/joshsukhdeo/gh-pt/cmd/root.go:161.16,162.23 1 1
github.com/joshsukhdeo/gh-pt/cmd/root.go:162.23,164.4 1 1
github.com/joshsukhdeo/gh-pt/cmd/root.go:165.3,165.31 1 1
github.com/joshsukhdeo/gh-pt/cmd/root.go:165.31,167.4 1 0
github.com/joshsukhdeo/gh-pt/cmd/root.go:169.2,169.14 1 1
github.com/joshsukhdeo/gh-pt/cmd/root.go:169.14,171.3 1 0
github.com/joshsukhdeo/gh-pt/cmd/root.go:173.2,173.55 1 1
github.com/joshsukhdeo/gh-pt/cmd/root.go:173.55,181.35 5 0
github.com/joshsukhdeo/gh-pt/cmd/root.go:181.35,183.4 1 0
github.com/joshsukhdeo/gh-pt/cmd/root.go:186.2,186.27 1 1
github.com/joshsukhdeo/gh-pt/cmd/root.go:186.27,189.3 2 0
github.com/joshsukhdeo/gh-pt/cmd/root.go:189.8,189.36 1 1
github.com/joshsukhdeo/gh-pt/cmd/root.go:189.36,191.18 2 1
github.com/joshsukhdeo/gh-pt/cmd/root.go:192.15,193.20 1 0
github.com/joshsukhdeo/gh-pt/cmd/root.go:194.16,195.19 1 0
github.com/joshsukhdeo/gh-pt/cmd/root.go:196.11,197.18 1 1
github.com/joshsukhdeo/gh-pt/cmd/root.go:197.18,200.26 3 1
github.com/joshsukhdeo/gh-pt/cmd/root.go:200.26,202.6 1 1
github.com/joshsukhdeo/gh-pt/cmd/root.go:203.5,203.23 1 1
github.com/joshsukhdeo/gh-pt/cmd/root.go:203.23,205.6 1 1
github.com/joshsukhdeo/gh-pt/cmd/root.go:206.5,206.73 1 1
github.com/joshsukhdeo/gh-pt/cmd/root.go:206.74,207.6 0 0
github.com/joshsukhdeo/gh-pt/cmd/root.go:208.5,208.54 1 1
github.com/joshsukhdeo/gh-pt/cmd/root.go:208.54,210.6 1 1
github.com/joshsukhdeo/gh-pt/cmd/root.go:211.5,211.24 1 1
github.com/joshsukhdeo/gh-pt/cmd/root.go:211.24,213.6 1 1
github.com/joshsukhdeo/gh-pt/cmd/root.go:219.2,219.56 1 1
github.com/joshsukhdeo/gh-pt/cmd/root.go:219.56,220.23 1 0
github.com/joshsukhdeo/gh-pt/cmd/root.go:221.18,223.26 2 0
github.com/joshsukhdeo/gh-pt/cmd/root.go:223.26,225.5 1 0
github.com/joshsukhdeo/gh-pt/cmd/root.go:226.11,227.35 1 0
github.com/joshsukhdeo/gh-pt/cmd/root.go:231.2,232.16 2 1
github.com/joshsukhdeo/gh-pt/cmd/root.go:232.16,237.3 2 1
github.com/joshsukhdeo/gh-pt/cmd/root.go:239.2,239.30 1 0
github.com/joshsukhdeo/gh-pt/cmd/root.go:239.30,241.3 1 0
github.com/joshsukhdeo/gh-pt/cmd/root.go:242.2,242.22 1 0
github.com/joshsukhdeo/gh-pt/cmd/root.go:242.22,244.3 1 0
github.com/joshsukhdeo/gh-pt/cmd/root.go:245.2,245.26 1 0
github.com/joshsukhdeo/gh-pt/cmd/root.go:245.26,246.40 1 0
github.com/joshsukhdeo/gh-pt/cmd/root.go:246.40,248.18 2 0
github.com/joshsukhdeo/gh-pt/cmd/root.go:248.18,250.5 1 0
github.com/joshsukhdeo/gh-pt/cmd/root.go:251.4,251.18 1 0
github.com/joshsukhdeo/gh-pt/cmd/root.go:251.18,253.5 1 0
github.com/joshsukhdeo/gh-pt/cmd/root.go:255.3,255.37 1 0
github.com/joshsukhdeo/gh-pt/cmd/root.go:257.2,257.16 1 0
github.com/joshsukhdeo/gh-pt/cmd/root.go:257.16,258.40 1 0
github.com/joshsukhdeo/gh-pt/cmd/root.go:258.40,260.18 2 0
github.com/joshsukhdeo/gh-pt/cmd/root.go:260.18,262.5 1 0
github.com/joshsukhdeo/gh-pt/cmd/root.go:263.4,263.18 1 0
github.com/joshsukhdeo/gh-pt/cmd/root.go:263.18,265.5 1 0
github.com/joshsukhdeo/gh-pt/cmd/root.go:267.3,267.32 1 0
github.com/joshsukhdeo/gh-pt/cmd/root.go:269.2,269.19 1 0
github.com/joshsukhdeo/gh-pt/cmd/root.go:269.19,270.40 1 0
github.com/joshsukhdeo/gh-pt/cmd/root.go:270.40,272.18 2 0
github.com/joshsukhdeo/gh-pt/cmd/root.go:272.18,274.5 1 0
github.com/joshsukhdeo/gh-pt/cmd/root.go:275.4,275.18 1 0
github.com/joshsukhdeo/gh-pt/cmd/root.go:275.18,277.5 1 0
github.com/joshsukhdeo/gh-pt/cmd/root.go:279.3,279.34 1 0
github.com/joshsukhdeo/gh-pt/cmd/root.go:281.2,281.17 1 0
github.com/joshsukhdeo/gh-pt/cmd/root.go:281.17,283.3 1 0
github.com/joshsukhdeo/gh-pt/cmd/root.go:285.2,285.46 1 0
github.com/joshsukhdeo/gh-pt/cmd/root.go:285.46,287.3 1 0
github.com/joshsukhdeo/gh-pt/cmd/root.go:289.2,289.29 1 0
github.com/joshsukhdeo/gh-pt/cmd/root.go:289.29,291.3 1 0
github.com/joshsukhdeo/gh-pt/cmd/root.go:293.2,293.17 1 0
github.com/joshsukhdeo/gh-pt/cmd/root.go:293.17,296.3 1 0
github.com/joshsukhdeo/gh-pt/cmd/root.go:298.2,298.24 1 0
github.com/joshsukhdeo/gh-pt/cmd/root.go:298.24,300.3 1 0
github.com/joshsukhdeo/gh-pt/cmd/root.go:302.2,302.28 1 0
github.com/joshsukhdeo/gh-pt/cmd/root.go:302.28,303.51 1 0
github.com/joshsukhdeo/gh-pt/cmd/root.go:303.51,305.4 1 0
github.com/joshsukhdeo/gh-pt/cmd/root.go:308.2,308.23 1 0
github.com/joshsukhdeo/gh-pt/cmd/root.go:308.23,309.17 1 0
github.com/joshsukhdeo/gh-pt/cmd/root.go:309.17,311.4 1 0
github.com/joshsukhdeo/gh-pt/cmd/root.go:312.3,312.38 1 0
github.com/joshsukhdeo/gh-pt/cmd/root.go:315.2,315.25 1 0
github.com/joshsukhdeo/gh-pt/cmd/root.go:315.25,316.17 1 0
github.com/joshsukhdeo/gh-pt/cmd/root.go:316.17,318.4 1 0
github.com/joshsukhdeo/gh-pt/cmd/root.go:319.3,319.40 1 0
github.com/joshsukhdeo/gh-pt/cmd/root.go:322.2,322.33 1 0
github.com/joshsukhdeo/gh-pt/cmd/root.go:322.33,324.3 1 0
github.com/joshsukhdeo/gh-pt/cmd/root.go:326.2,326.32 1 0
github.com/joshsukhdeo/gh-pt/cmd/root.go:326.32,329.3 2 0
github.com/joshsukhdeo/gh-pt/cmd/root.go:329.8,331.3 1 0
github.com/joshsukhdeo/gh-pt/cmd/root.go:333.2,340.51 1 0
github.com/joshsukhdeo/gh-pt/cmd/root.go:340.51,342.31 2 0
github.com/joshsukhdeo/gh-pt/cmd/root.go:342.31,344.5 1 0
github.com/joshsukhdeo/gh-pt/cmd/root.go:345.4,345.12 1 0
github.com/joshsukhdeo/gh-pt/cmd/root.go:349.2,351.16 3 0
github.com/joshsukhdeo/gh-pt/cmd/root.go:351.16,355.3 1 0
github.com/joshsukhdeo/gh-pt/cmd/root.go:357.2,360.33 2 0
github.com/joshsukhdeo/gh-pt/cmd/root.go:363.92,367.38 3 1
github.com/joshsukhdeo/gh-pt/cmd/root.go:367.38,368.45 1 1
github.com/joshsukhdeo/gh-pt/cmd/root.go:368.45,370.18 2 0
github.com/joshsukhdeo/gh-pt/cmd/root.go:370.18,371.17 1 0
github.com/joshsukhdeo/gh-pt/cmd/root.go:371.17,373.6 1 0
github.com/joshsukhdeo/gh-pt/cmd/root.go:374.5,374.41 1 0
github.com/joshsukhdeo/gh-pt/cmd/root.go:377.3,377.11 1 1
github.com/joshsukhdeo/gh-pt/cmd/root.go:380.2,380.12 1 1
github.com/joshsukhdeo/gh-pt/cmd/root.go:380.12,382.17 2 1
github.com/joshsukhdeo/gh-pt/cmd/root.go:382.17,384.4 1 1
github.com/joshsukhdeo/gh-pt/cmd/root.go:384.9,386.4 1 1
github.com/joshsukhdeo/gh-pt/cmd/root.go:387.3,387.39 1 1
github.com/joshsukhdeo/gh-pt/cmd/root.go:390.2,390.13 1 1
github.com/joshsukhdeo/gh-pt/cmd/root.go:390.13,392.17 2 1
github.com/joshsukhdeo/gh-pt/cmd/root.go:392.17,394.4 1 1
github.com/joshsukhdeo/gh-pt/cmd/root.go:394.9,396.4 1 1
github.com/joshsukhdeo/gh-pt/cmd/root.go:397.3,397.39 1 1
github.com/joshsukhdeo/gh-pt/cmd/root.go:400.2,400.11 1 0
github.com/joshsukhdeo/gh-pt/cmd/root.go:403.94,405.12 2 1
github.com/joshsukhdeo/gh-pt/cmd/root.go:405.12,407.19 2 1
github.com/joshsukhdeo/gh-pt/cmd/root.go:407.19,409.4 1 1
github.com/joshsukhdeo/gh-pt/cmd/root.go:410.8,412.19 2 1
github.com/joshsukhdeo/gh-pt/cmd/root.go:412.19,414.4 1 1
github.com/joshsukhdeo/gh-pt/cmd/root.go:415.3,415.19 1 1
github.com/joshsukhdeo/gh-pt/cmd/root.go:417.2,417.13 1 1
github.com/joshsukhdeo/gh-pt/cmd/root.go:420.67,423.16 3 0
github.com/joshsukhdeo/gh-pt/cmd/root.go:423.16,426.3 2 0
github.com/joshsukhdeo/gh-pt/cmd/root.go:428.2,429.66 2 0
github.com/joshsukhdeo/gh-pt/cmd/root.go:429.66,431.3 1 0
github.com/joshsukhdeo/gh-pt/cmd/root.go:433.2,440.14 2 0
github.com/joshsukhdeo/gh-pt/cmd/root.go:440.14,441.13 1 0
github.com/joshsukhdeo/gh-pt/cmd/root.go:441.13,443.4 1 0
github.com/joshsukhdeo/gh-pt/cmd/root.go:443.9,445.4 1 0
github.com/joshsukhdeo/gh-pt/cmd/root.go:446.3,446.13 1 0
github.com/joshsukhdeo/gh-pt/cmd/root.go:449.2,449.46 1 0
github.com/joshsukhdeo/gh-pt/cmd/root.go:449.46,450.19 1 0
github.com/joshsukhdeo/gh-pt/cmd/root.go:450.19,452.4 1 0
github.com/joshsukhdeo/gh-pt/cmd/root.go:453.3,453.30 1 0
github.com/joshsukhdeo/gh-pt/cmd/root.go:456.2,456.67 1 0
github.com/joshsukhdeo/gh-pt/cmd/root.go:456.67,458.3 1 0
github.com/joshsukhdeo/gh-pt/cmd/root.go:460.2,463.16 3 0
github.com/joshsukhdeo/gh-pt/cmd/root.go:463.16,465.3 1 0
github.com/joshsukhdeo/gh-pt/cmd/root.go:466.2,468.20 2 0
github.com/joshsukhdeo/gh-pt/cmd/root.go:468.20,470.17 2 0
github.com/joshsukhdeo/gh-pt/cmd/root.go:470.17,480.18 2 0
github.com/joshsukhdeo/gh-pt/cmd/root.go:480.18,482.5 1 0
github.com/joshsukhdeo/gh-pt/cmd/root.go:482.10,484.5 1 0
github.com/joshsukhdeo/gh-pt/cmd/root.go:488.2,488.12 1 0
github.com/joshsukhdeo/gh-pt/cmd/root.go:491.47,496.31 4 1
github.com/joshsukhdeo/gh-pt/cmd/root.go:496.31,498.3 1 0
github.com/joshsukhdeo/gh-pt/cmd/root.go:500.2,501.87 2 1
github.com/joshsukhdeo/gh-pt/cmd/root.go:504.79,506.31 2 1
github.com/joshsukhdeo/gh-pt/cmd/root.go:506.31,508.3 1 0
github.com/joshsukhdeo/gh-pt/cmd/root.go:510.2,510.501 1 1
github.com/joshsukhdeo/gh-pt/cmd/root.go:513.108,515.31 2 1
github.com/joshsukhdeo/gh-pt/cmd/root.go:515.31,517.3 1 0
github.com/joshsukhdeo/gh-pt/cmd/root.go:519.2,519.505 1 1
github.com/joshsukhdeo/gh-pt/cmd/root.go:522.58,524.43 2 0
github.com/joshsukhdeo/gh-pt/cmd/root.go:524.43,526.32 2 0
github.com/joshsukhdeo/gh-pt/cmd/root.go:526.32,528.4 1 0
github.com/joshsukhdeo/gh-pt/cmd/root.go:528.9,530.4 1 0
github.com/joshsukhdeo/gh-pt/cmd/root.go:531.8,533.3 1 0
github.com/joshsukhdeo/gh-pt/cmd/root.go:534.2,538.18 5 0
github.com/joshsukhdeo/gh-pt/cmd/root.go:541.64,543.87 2 0
github.com/joshsukhdeo/gh-pt/cmd/root.go:543.87,545.3 1 0
github.com/joshsukhdeo/gh-pt/cmd/root.go:546.2,546.25 1 0
github.com/joshsukhdeo/gh-pt/cmd/root.go:546.25,548.3 1 0
github.com/joshsukhdeo/gh-pt/cmd/root.go:550.2,553.62 3 0
github.com/joshsukhdeo/gh-pt/cmd/root.go:553.62,555.3 1 0
github.com/joshsukhdeo/gh-pt/cmd/root.go:557.2,557.23 1 0
github.com/joshsukhdeo/gh-pt/cmd/root.go:557.23,561.57 4 0
github.com/joshsukhdeo/gh-pt/cmd/root.go:561.57,563.4 1 0
github.com/joshsukhdeo/gh-pt/cmd/root.go:566.2,566.12 1 0
github.com/joshsukhdeo/gh-pt/cmd/root.go:569.69,572.22 3 0
github.com/joshsukhdeo/gh-pt/cmd/root.go:572.22,574.3 1 0
github.com/joshsukhdeo/gh-pt/cmd/root.go:576.2,577.16 2 0
github.com/joshsukhdeo/gh-pt/cmd/root.go:577.16,579.3 1 0
github.com/joshsukhdeo/gh-pt/cmd/root.go:580.2,584.65 4 0
github.com/joshsukhdeo/gh-pt/cmd/root.go:584.65,586.3 1 0
github.com/joshsukhdeo/gh-pt/cmd/root.go:589.2,598.14 3 0
github.com/joshsukhdeo/gh-pt/cmd/root.go:598.14,601.3 2 0
github.com/joshsukhdeo/gh-pt/cmd/root.go:604.2,605.20 2 0
github.com/joshsukhdeo/gh-pt/cmd/root.go:605.20,607.3 1 0
github.com/joshsukhdeo/gh-pt/cmd/root.go:608.2,609.16 2 0
github.com/joshsukhdeo/gh-pt/cmd/root.go:609.16,611.3 1 0
github.com/joshsukhdeo/gh-pt/cmd/root.go:612.2,615.47 2 0
github.com/joshsukhdeo/gh-pt/cmd/root.go:615.47,619.32 3 0
github.com/joshsukhdeo/gh-pt/cmd/root.go:619.32,621.4 1 0
github.com/joshsukhdeo/gh-pt/cmd/root.go:621.9,623.4 1 0
github.com/joshsukhdeo/gh-pt/cmd/root.go:624.3,627.27 3 0
github.com/joshsukhdeo/gh-pt/cmd/root.go:627.27,629.4 1 0
github.com/joshsukhdeo/gh-pt/cmd/root.go:631.3,631.20 1 0
github.com/joshsukhdeo/gh-pt/cmd/root.go:631.20,633.22 2 0
github.com/joshsukhdeo/gh-pt/cmd/root.go:633.22,635.19 2 0
github.com/joshsukhdeo/gh-pt/cmd/root.go:635.19,644.20 2 0
github.com/joshsukhdeo/gh-pt/cmd/root.go:644.20,646.7 1 0
github.com/joshsukhdeo/gh-pt/cmd/root.go:646.12,648.7 1 0
github.com/joshsukhdeo/gh-pt/cmd/root.go:651.4,651.14 1 0
github.com/joshsukhdeo/gh-pt/cmd/root.go:653.3,653.88 1 0
github.com/joshsukhdeo/gh-pt/cmd/root.go:657.2,660.50 4 0
github.com/joshsukhdeo/gh-pt/cmd/root.go:660.50,662.3 1 0
github.com/joshsukhdeo/gh-pt/cmd/root.go:663.2,666.68 2 0
github.com/joshsukhdeo/gh-pt/cmd/root.go:666.68,668.3 1 0
github.com/joshsukhdeo/gh-pt/cmd/root.go:671.2,672.85 2 0
github.com/joshsukhdeo/gh-pt/cmd/root.go:672.85,674.3 1 0
github.com/joshsukhdeo/gh-pt/cmd/root.go:675.2,675.25 1 0
github.com/joshsukhdeo/gh-pt/cmd/root.go:675.25,677.3 1 0
github.com/joshsukhdeo/gh-pt/cmd/root.go:679.2,681.67 3 0
github.com/joshsukhdeo/gh-pt/cmd/root.go:681.67,683.3 1 0
github.com/joshsukhdeo/gh-pt/cmd/root.go:685.2,685.47 1 0
github.com/joshsukhdeo/gh-pt/cmd/root.go:685.47,687.3 1 0
github.com/joshsukhdeo/gh-pt/cmd/root.go:688.2,695.53 5 0
github.com/joshsukhdeo/gh-pt/cmd/root.go:695.53,698.32 3 0
github.com/joshsukhdeo/gh-pt/cmd/root.go:698.32,700.4 1 0
github.com/joshsukhdeo/gh-pt/cmd/root.go:700.9,702.4 1 0
github.com/joshsukhdeo/gh-pt/cmd/root.go:703.3,706.27 3 0
github.com/joshsukhdeo/gh-pt/cmd/root.go:706.27,708.4 1 0
github.com/joshsukhdeo/gh-pt/cmd/root.go:710.3,710.20 1 0
github.com/joshsukhdeo/gh-pt/cmd/root.go:710.20,712.9 2 0
github.com/joshsukhdeo/gh-pt/cmd/root.go:715.3,719.27 4 0
github.com/joshsukhdeo/gh-pt/cmd/root.go:719.27,722.78 3 0
github.com/joshsukhdeo/gh-pt/cmd/root.go:722.78,724.5 1 0
github.com/joshsukhdeo/gh-pt/cmd/root.go:725.4,725.34 1 0
github.com/joshsukhdeo/gh-pt/cmd/root.go:729.2,729.20 1 0
github.com/joshsukhdeo/gh-pt/cmd/root.go:729.20,731.3 1 0
github.com/joshsukhdeo/gh-pt/cmd/root.go:733.2,736.20 2 0
github.com/joshsukhdeo/gh-pt/cmd/root.go:736.20,738.17 2 0
github.com/joshsukhdeo/gh-pt/cmd/root.go:738.17,748.18 2 0
github.com/joshsukhdeo/gh-pt/cmd/root.go:748.18,750.5 1 0
github.com/joshsukhdeo/gh-pt/cmd/root.go:750.10,752.5 1 0
github.com/joshsukhdeo/gh-pt/cmd/root.go:756.2,756.12 1 0
github.com/joshsukhdeo/gh-pt/cmd/root.go:759.36,761.16 2 1
github.com/joshsukhdeo/gh-pt/cmd/root.go:761.16,763.3 1 0
github.com/joshsukhdeo/gh-pt/cmd/root.go:765.2,765.48 1 1
github.com/joshsukhdeo/gh-pt/cmd/root.go:768.35,770.16 2 1
github.com/joshsukhdeo/gh-pt/cmd/root.go:770.16,772.3 1 0
github.com/joshsukhdeo/gh-pt/cmd/root.go:774.2,774.38 1 1
github.com/joshsukhdeo/gh-pt/cmd/root.go:777.34,779.16 2 1
github.com/joshsukhdeo/gh-pt/cmd/root.go:779.16,781.3 1 0
github.com/joshsukhdeo/gh-pt/cmd/root.go:783.2,783.43 1 1
github.com/joshsukhdeo/gh-pt/cmd/root.go:786.38,788.22 2 1
github.com/joshsukhdeo/gh-pt/cmd/root.go:789.17,790.63 1 0
github.com/joshsukhdeo/gh-pt/cmd/root.go:791.16,792.64 1 0
github.com/joshsukhdeo/gh-pt/cmd/root.go:793.15,796.50 3 1
github.com/joshsukhdeo/gh-pt/cmd/root.go:796.50,798.4 1 1
github.com/joshsukhdeo/gh-pt/cmd/root.go:799.3,799.49 1 1
github.com/joshsukhdeo/gh-pt/cmd/root.go:799.49,801.4 1 0
github.com/joshsukhdeo/gh-pt/cmd/root.go:803.3,803.25 1 1
github.com/joshsukhdeo/gh-pt/cmd/root.go:803.25,805.4 1 1
github.com/joshsukhdeo/gh-pt/cmd/root.go:805.9,805.32 1 0
github.com/joshsukhdeo/gh-pt/cmd/root.go:805.32,807.4 1 0
github.com/joshsukhdeo/gh-pt/cmd/root.go:807.9,807.31 1 0
github.com/joshsukhdeo/gh-pt/cmd/root.go:807.31,810.18 2 0
github.com/joshsukhdeo/gh-pt/cmd/root.go:810.18,812.129 2 0
github.com/joshsukhdeo/gh-pt/cmd/root.go:812.129,814.6 1 0
github.com/joshsukhdeo/gh-pt/cmd/root.go:816.4,816.91 1 0
github.com/joshsukhdeo/gh-pt/cmd/root.go:820.3,820.82 1 0
github.com/joshsukhdeo/gh-pt/cmd/root.go:821.17,822.68 1 0
github.com/joshsukhdeo/gh-pt/cmd/root.go:823.10,824.51 1 0
github.com/joshsukhdeo/gh-pt/cmd/root.go:827.64,829.24 2 1
github.com/joshsukhdeo/gh-pt/cmd/root.go:830.15,831.37 1 1
github.com/joshsukhdeo/gh-pt/cmd/root.go:832.15,833.34 1 0
github.com/joshsukhdeo/gh-pt/cmd/root.go:836.2,837.22 2 1
github.com/joshsukhdeo/gh-pt/cmd/root.go:838.16,839.62 1 0
github.com/joshsukhdeo/gh-pt/cmd/root.go:840.17,841.55 1 0
github.com/joshsukhdeo/gh-pt/cmd/root.go:842.17,843.51 1 0
github.com/joshsukhdeo/gh-pt/cmd/root.go:844.15,846.17 2 1
github.com/joshsukhdeo/gh-pt/cmd/root.go:846.17,849.31 3 1
github.com/joshsukhdeo/gh-pt/cmd/root.go:849.31,850.39 1 1
github.com/joshsukhdeo/gh-pt/cmd/root.go:850.39,852.43 2 1
github.com/joshsukhdeo/gh-pt/cmd/root.go:852.43,854.7 1 1
github.com/joshsukhdeo/gh-pt/cmd/root.go:855.11,855.51 1 1
github.com/joshsukhdeo/gh-pt/cmd/root.go:855.51,857.22 2 1
github.com/joshsukhdeo/gh-pt/cmd/root.go:857.22,858.57 1 1
github.com/joshsukhdeo/gh-pt/cmd/root.go:858.57,859.33 1 1
github.com/joshsukhdeo/gh-pt/cmd/root.go:859.33,861.9 1 1
github.com/joshsukhdeo/gh-pt/cmd/root.go:867.3,867.45 1 1
github.com/joshsukhdeo/gh-pt/cmd/root.go:870.2,871.29 2 1
github.com/joshsukhdeo/gh-pt/cmd/root.go:871.29,872.56 1 1
github.com/joshsukhdeo/gh-pt/cmd/root.go:872.56,874.4 1 0
github.com/joshsukhdeo/gh-pt/cmd/root.go:874.9,874.55 1 1
github.com/joshsukhdeo/gh-pt/cmd/root.go:874.55,876.4 1 0
github.com/joshsukhdeo/gh-pt/cmd/root.go:879.2,879.56 1 1
github.com/joshsukhdeo/gh-pt/cmd/root.go:879.56,881.18 2 1
github.com/joshsukhdeo/gh-pt/cmd/root.go:881.18,883.4 1 1
github.com/joshsukhdeo/gh-pt/cmd/root.go:883.9,883.21 1 1
github.com/joshsukhdeo/gh-pt/cmd/root.go:883.21,885.4 1 1
github.com/joshsukhdeo/gh-pt/cmd/root.go:886.3,886.40 1 0
github.com/joshsukhdeo/gh-pt/cmd/root.go:889.2,891.26 2 1
github.com/joshsukhdeo/gh-pt/cmd/root.go:891.26,893.14 2 1
github.com/joshsukhdeo/gh-pt/cmd/root.go:893.14,894.12 1 0
github.com/joshsukhdeo/gh-pt/cmd/root.go:897.3,902.39 4 1
github.com/joshsukhdeo/gh-pt/cmd/root.go:902.39,903.24 1 1
github.com/joshsukhdeo/gh-pt/cmd/root.go:903.24,906.5 2 0
github.com/joshsukhdeo/gh-pt/cmd/root.go:908.4,909.57 2 1
github.com/joshsukhdeo/gh-pt/cmd/root.go:913.3,913.20 1 1
github.com/joshsukhdeo/gh-pt/cmd/root.go:913.20,916.4 2 1
github.com/joshsukhdeo/gh-pt/cmd/root.go:919.3,919.23 1 1
github.com/joshsukhdeo/gh-pt/cmd/root.go:919.23,924.4 3 1
github.com/joshsukhdeo/gh-pt/cmd/root.go:927.3,927.39 1 1
github.com/joshsukhdeo/gh-pt/cmd/root.go:927.39,930.4 2 1
github.com/joshsukhdeo/gh-pt/cmd/root.go:933.2,939.93 5 1
github.com/joshsukhdeo/gh-pt/cmd/root.go:939.93,942.62 3 0
github.com/joshsukhdeo/gh-pt/cmd/root.go:942.62,944.4 1 0
github.com/joshsukhdeo/gh-pt/cmd/root.go:947.2,947.50 1 1
github.com/joshsukhdeo/gh-pt/cmd/root.go:947.50,949.3 1 0
github.com/joshsukhdeo/gh-pt/cmd/root.go:949.8,949.60 1 1
github.com/joshsukhdeo/gh-pt/cmd/root.go:949.60,952.3 2 0
github.com/joshsukhdeo/gh-pt/cmd/root.go:952.8,955.3 2 1
github.com/joshsukhdeo/gh-pt/cmd/root.go:957.2,957.17 1 1
github.com/joshsukhdeo/gh-pt/cmd/root.go:960.28,962.21 2 1
github.com/joshsukhdeo/gh-pt/cmd/root.go:962.21,964.3 1 1
github.com/joshsukhdeo/gh-pt/cmd/root.go:966.2,966.35 1 1
github.com/joshsukhdeo/gh-pt/cmd/root.go:969.34,972.2 2 1
github.com/joshsukhdeo/gh-pt/cmd/router.go:9.55,17.16 6 1
github.com/joshsukhdeo/gh-pt/cmd/router.go:18.41,21.24 3 0
github.com/joshsukhdeo/gh-pt/cmd/router.go:22.27,23.151 1 0
github.com/joshsukhdeo/gh-pt/cmd/router.go:24.27,25.163 1 0
github.com/joshsukhdeo/gh-pt/cmd/router.go:26.27,27.48 1 0
github.com/joshsukhdeo/gh-pt/cmd/router.go:28.41,30.47 2 0
github.com/joshsukhdeo/gh-pt/cmd/router.go:30.47,32.4 1 0
github.com/joshsukhdeo/gh-pt/cmd/router.go:32.9,35.4 2 0
github.com/joshsukhdeo/gh-pt/cmd/router.go:36.3,36.24 1 0
github.com/joshsukhdeo/gh-pt/cmd/router.go:37.20,38.21 1 0
github.com/joshsukhdeo/gh-pt/cmd/router.go:39.14,40.295 1 1
github.com/joshsukhdeo/gh-pt/cmd/router.go:41.20,47.24 6 1
github.com/joshsukhdeo/gh-pt/cmd/router.go:48.19,54.24 6 1
github.com/joshsukhdeo/gh-pt/cmd/router.go:55.16,61.24 6 0
github.com/joshsukhdeo/gh-pt/cmd/router.go:62.17,64.18 2 0
github.com/joshsukhdeo/gh-pt/cmd/router.go:64.18,66.18 2 0
github.com/joshsukhdeo/gh-pt/cmd/router.go:66.18,67.32 1 0
github.com/joshsukhdeo/gh-pt/cmd/router.go:67.32,69.6 1 0
github.com/joshsukhdeo/gh-pt/cmd/router.go:69.11,71.6 1 0
github.com/joshsukhdeo/gh-pt/cmd/router.go:74.3,74.46 1 0
github.com/joshsukhdeo/gh-pt/cmd/router.go:75.17,76.39 1 0
github.com/joshsukhdeo/gh-pt/cmd/router.go:77.20,78.37 1 0
github.com/joshsukhdeo/gh-pt/cmd/router.go:79.19,80.20 1 0
github.com/joshsukhdeo/gh-pt/cmd/router.go:81.20,82.39 1 0
github.com/joshsukhdeo/gh-pt/cmd/router.go:83.20,84.61 1 0
github.com/joshsukhdeo/gh-pt/cmd/router.go:85.19,86.37 1 0
github.com/joshsukhdeo/gh-pt/cmd/router.go:87.21,88.22 1 0
github.com/joshsukhdeo/gh-pt/cmd/router.go:89.26,90.37 1 0
github.com/joshsukhdeo/gh-pt/cmd/router.go:91.25,92.36 1 0
github.com/joshsukhdeo/gh-pt/cmd/router.go:93.32,94.43 1 0
github.com/joshsukhdeo/gh-pt/cmd/router.go:95.10,96.51 1 0
github.com/joshsukhdeo/gh-pt/cmd/show.go:15.54,17.2 1 0
github.com/joshsukhdeo/gh-pt/cmd/show.go:34.33,36.16 2 1
github.com/joshsukhdeo/gh-pt/cmd/show.go:36.16,38.3 1 0
github.com/joshsukhdeo/gh-pt/cmd/show.go:39.2,39.38 1 1
github.com/joshsukhdeo/gh-pt/cmd/show.go:42.64,44.16 2 1
github.com/joshsukhdeo/gh-pt/cmd/show.go:44.16,46.3 1 1
github.com/joshsukhdeo/gh-pt/cmd/show.go:48.2,50.77 3 1
github.com/joshsukhdeo/gh-pt/cmd/show.go:50.77,51.49 1 1
github.com/joshsukhdeo/gh-pt/cmd/show.go:51.49,54.4 2 1
github.com/joshsukhdeo/gh-pt/cmd/show.go:54.9,55.32 1 1
github.com/joshsukhdeo/gh-pt/cmd/show.go:55.32,56.49 1 0
github.com/joshsukhdeo/gh-pt/cmd/show.go:56.49,59.11 3 0
github.com/joshsukhdeo/gh-pt/cmd/show.go:65.2,67.16 3 1
github.com/joshsukhdeo/gh-pt/cmd/show.go:67.16,69.56 2 1
github.com/joshsukhdeo/gh-pt/cmd/show.go:69.56,71.4 1 0
github.com/joshsukhdeo/gh-pt/cmd/show.go:74.2,75.73 2 1
github.com/joshsukhdeo/gh-pt/cmd/show.go:75.73,77.3 1 1
github.com/joshsukhdeo/gh-pt/cmd/show.go:78.2,78.24 1 1
github.com/joshsukhdeo/gh-pt/cmd/show.go:78.24,81.3 2 0
github.com/joshsukhdeo/gh-pt/cmd/show.go:83.2,85.26 3 1
github.com/joshsukhdeo/gh-pt/cmd/show.go:85.26,86.24 1 1
github.com/joshsukhdeo/gh-pt/cmd/show.go:86.24,87.12 1 0
github.com/joshsukhdeo/gh-pt/cmd/show.go:89.3,89.53 1 1
github.com/joshsukhdeo/gh-pt/cmd/show.go:89.53,91.4 1 1
github.com/joshsukhdeo/gh-pt/cmd/show.go:92.3,92.56 1 1
github.com/joshsukhdeo/gh-pt/cmd/show.go:92.56,94.4 1 1
github.com/joshsukhdeo/gh-pt/cmd/show.go:97.2,97.37 1 1
github.com/joshsukhdeo/gh-pt/cmd/show.go:97.37,103.22 6 1
github.com/joshsukhdeo/gh-pt/cmd/show.go:103.22,105.4 1 1
github.com/joshsukhdeo/gh-pt/cmd/show.go:105.9,107.4 1 1
github.com/joshsukhdeo/gh-pt/cmd/show.go:110.2,110.39 1 1
github.com/joshsukhdeo/gh-pt/cmd/show.go:110.39,111.85 1 1
github.com/joshsukhdeo/gh-pt/cmd/show.go:111.85,112.28 1 1
github.com/joshsukhdeo/gh-pt/cmd/show.go:112.28,114.108 1 1
github.com/joshsukhdeo/gh-pt/cmd/show.go:114.108,116.6 1 1
github.com/joshsukhdeo/gh-pt/cmd/show.go:118.4,119.148 2 1
github.com/joshsukhdeo/gh-pt/cmd/show.go:119.148,121.5 1 0
github.com/joshsukhdeo/gh-pt/cmd/show.go:122.4,122.14 1 1
github.com/joshsukhdeo/gh-pt/cmd/show.go:124.3,124.31 1 1
github.com/joshsukhdeo/gh-pt/cmd/show.go:124.31,125.31 1 1
github.com/joshsukhdeo/gh-pt/cmd/show.go:125.31,127.5 1 1
github.com/joshsukhdeo/gh-pt/cmd/show.go:128.4,128.23 1 0
github.com/joshsukhdeo/gh-pt/cmd/show.go:130.3,130.26 1 1
github.com/joshsukhdeo/gh-pt/cmd/show.go:130.26,132.4 1 1
github.com/joshsukhdeo/gh-pt/cmd/show.go:133.3,133.30 1 0
github.com/joshsukhdeo/gh-pt/cmd/show.go:133.30,135.4 1 0
github.com/joshsukhdeo/gh-pt/cmd/show.go:136.3,136.24 1 0
github.com/joshsukhdeo/gh-pt/cmd/show.go:136.24,138.4 1 0
github.com/joshsukhdeo/gh-pt/cmd/show.go:139.3,139.13 1 0
github.com/joshsukhdeo/gh-pt/cmd/show.go:142.2,142.63 1 1
github.com/joshsukhdeo/gh-pt/cmd/show.go:142.63,143.20 1 1
github.com/joshsukhdeo/gh-pt/cmd/show.go:143.20,145.4 1 0
github.com/joshsukhdeo/gh-pt/cmd/show.go:146.3,148.21 3 1
github.com/joshsukhdeo/gh-pt/cmd/show.go:148.21,150.4 1 1
github.com/joshsukhdeo/gh-pt/cmd/show.go:151.3,151.49 1 1
github.com/joshsukhdeo/gh-pt/cmd/show.go:151.49,153.4 1 0
github.com/joshsukhdeo/gh-pt/cmd/show.go:154.3,154.40 1 1
github.com/joshsukhdeo/gh-pt/cmd/show.go:154.40,156.4 1 0
github.com/joshsukhdeo/gh-pt/cmd/show.go:157.3,157.21 1 1
github.com/joshsukhdeo/gh-pt/cmd/show.go:160.2,160.32 1 1
github.com/joshsukhdeo/gh-pt/cmd/show.go:160.32,161.27 1 1
github.com/joshsukhdeo/gh-pt/cmd/show.go:161.27,163.4 1 1
github.com/joshsukhdeo/gh-pt/cmd/show.go:164.3,164.13 1 1
github.com/joshsukhdeo/gh-pt/cmd/show.go:167.2,167.30 1 1
github.com/joshsukhdeo/gh-pt/cmd/show.go:167.30,169.20 2 1
github.com/joshsukhdeo/gh-pt/cmd/show.go:169.20,171.4 1 0
github.com/joshsukhdeo/gh-pt/cmd/show.go:172.3,173.17 2 1
github.com/joshsukhdeo/gh-pt/cmd/show.go:173.17,175.4 1 0
github.com/joshsukhdeo/gh-pt/cmd/show.go:176.3,176.32 1 1
github.com/joshsukhdeo/gh-pt/cmd/show.go:176.32,178.4 1 1
github.com/joshsukhdeo/gh-pt/cmd/show.go:179.3,179.13 1 1
github.com/joshsukhdeo/gh-pt/cmd/show.go:182.2,182.24 1 1
github.com/joshsukhdeo/gh-pt/cmd/show.go:182.24,184.17 2 1
github.com/joshsukhdeo/gh-pt/cmd/show.go:184.17,186.4 1 1
github.com/joshsukhdeo/gh-pt/cmd/show.go:187.3,187.30 1 1
github.com/joshsukhdeo/gh-pt/cmd/show.go:187.30,189.4 1 1
github.com/joshsukhdeo/gh-pt/cmd/show.go:191.3,192.20 2 1
github.com/joshsukhdeo/gh-pt/cmd/show.go:192.20,194.4 1 1
github.com/joshsukhdeo/gh-pt/cmd/show.go:195.3,196.17 2 1
github.com/joshsukhdeo/gh-pt/cmd/show.go:196.17,198.4 1 0
github.com/joshsukhdeo/gh-pt/cmd/show.go:199.3,200.22 2 1
github.com/joshsukhdeo/gh-pt/cmd/show.go:200.22,202.4 1 0
github.com/joshsukhdeo/gh-pt/cmd/show.go:203.3,203.35 1 1
github.com/joshsukhdeo/gh-pt/cmd/show.go:203.35,205.4 1 1
github.com/joshsukhdeo/gh-pt/cmd/show.go:206.3,206.13 1 1
github.com/joshsukhdeo/gh-pt/cmd/show.go:209.2,209.12 1 0
github.com/joshsukhdeo/gh-pt/cmd/state_mgmt.go:18.41,20.39 2 1
github.com/joshsukhdeo/gh-pt/cmd/state_mgmt.go:20.39,22.3 1 1
github.com/joshsukhdeo/gh-pt/cmd/state_mgmt.go:22.8,24.3 1 1
github.com/joshsukhdeo/gh-pt/cmd/state_mgmt.go:26.2,27.16 2 1
github.com/joshsukhdeo/gh-pt/cmd/state_mgmt.go:27.16,29.3 1 0
github.com/joshsukhdeo/gh-pt/cmd/state_mgmt.go:31.2,31.23 1 1
github.com/joshsukhdeo/gh-pt/cmd/state_mgmt.go:31.23,34.3 2 0
github.com/joshsukhdeo/gh-pt/cmd/state_mgmt.go:36.2,38.35 3 1
github.com/joshsukhdeo/gh-pt/cmd/state_mgmt.go:38.35,41.3 2 1
github.com/joshsukhdeo/gh-pt/cmd/state_mgmt.go:43.2,44.18 2 1
github.com/joshsukhdeo/gh-pt/cmd/state_mgmt.go:44.18,46.3 1 1
github.com/joshsukhdeo/gh-pt/cmd/state_mgmt.go:46.8,48.3 1 1
github.com/joshsukhdeo/gh-pt/cmd/state_mgmt.go:50.2,50.13 1 1
github.com/joshsukhdeo/gh-pt/cmd/state_mgmt.go:50.13,52.3 1 1
github.com/joshsukhdeo/gh-pt/cmd/state_mgmt.go:54.2,57.25 3 1
github.com/joshsukhdeo/gh-pt/cmd/state_mgmt.go:57.25,59.3 1 1
github.com/joshsukhdeo/gh-pt/cmd/state_mgmt.go:60.2,62.29 2 1
github.com/joshsukhdeo/gh-pt/cmd/state_mgmt.go:62.29,66.89 2 1
github.com/joshsukhdeo/gh-pt/cmd/state_mgmt.go:66.89,68.112 1 1
github.com/joshsukhdeo/gh-pt/cmd/state_mgmt.go:68.112,69.13 1 0
github.com/joshsukhdeo/gh-pt/cmd/state_mgmt.go:73.3,73.30 1 1
github.com/joshsukhdeo/gh-pt/cmd/state_mgmt.go:73.30,74.12 1 0
github.com/joshsukhdeo/gh-pt/cmd/state_mgmt.go:76.3,76.38 1 1
github.com/joshsukhdeo/gh-pt/cmd/state_mgmt.go:76.39,83.4 0 0
github.com/joshsukhdeo/gh-pt/cmd/state_mgmt.go:86.3,86.33 1 1
github.com/joshsukhdeo/gh-pt/cmd/state_mgmt.go:86.33,87.12 1 0
github.com/joshsukhdeo/gh-pt/cmd/state_mgmt.go:90.3,90.52 1 1
github.com/joshsukhdeo/gh-pt/cmd/state_mgmt.go:90.52,91.12 1 0
github.com/joshsukhdeo/gh-pt/cmd/state_mgmt.go:93.3,93.47 1 1
github.com/joshsukhdeo/gh-pt/cmd/state_mgmt.go:93.47,94.12 1 0
github.com/joshsukhdeo/gh-pt/cmd/state_mgmt.go:97.3,98.17 2 1
github.com/joshsukhdeo/gh-pt/cmd/state_mgmt.go:98.17,100.4 1 0
github.com/joshsukhdeo/gh-pt/cmd/state_mgmt.go:101.3,102.19 2 1
github.com/joshsukhdeo/gh-pt/cmd/state_mgmt.go:102.19,104.4 1 0
github.com/joshsukhdeo/gh-pt/cmd/state_mgmt.go:106.3,108.49 3 1
github.com/joshsukhdeo/gh-pt/cmd/state_mgmt.go:108.49,109.33 1 1
github.com/joshsukhdeo/gh-pt/cmd/state_mgmt.go:109.33,111.5 1 1
github.com/joshsukhdeo/gh-pt/cmd/state_mgmt.go:111.10,113.5 1 1
github.com/joshsukhdeo/gh-pt/cmd/state_mgmt.go:116.3,116.16 1 1
github.com/joshsukhdeo/gh-pt/cmd/state_mgmt.go:116.16,119.4 2 0
github.com/joshsukhdeo/gh-pt/cmd/state_mgmt.go:119.9,119.22 1 1
github.com/joshsukhdeo/gh-pt/cmd/state_mgmt.go:119.22,122.4 2 0
github.com/joshsukhdeo/gh-pt/cmd/state_mgmt.go:122.9,122.37 1 1
github.com/joshsukhdeo/gh-pt/cmd/state_mgmt.go:122.37,125.4 2 1
github.com/joshsukhdeo/gh-pt/cmd/state_mgmt.go:127.3,128.25 2 1
github.com/joshsukhdeo/gh-pt/cmd/state_mgmt.go:128.25,130.4 1 1
github.com/joshsukhdeo/gh-pt/cmd/state_mgmt.go:132.3,132.14 1 1
github.com/joshsukhdeo/gh-pt/cmd/state_mgmt.go:132.14,142.4 1 1
github.com/joshsukhdeo/gh-pt/cmd/state_mgmt.go:142.9,145.18 2 1
github.com/joshsukhdeo/gh-pt/cmd/state_mgmt.go:145.18,147.5 1 0
github.com/joshsukhdeo/gh-pt/cmd/state_mgmt.go:148.4,151.20 3 1
github.com/joshsukhdeo/gh-pt/cmd/state_mgmt.go:151.20,153.35 1 1
github.com/joshsukhdeo/gh-pt/cmd/state_mgmt.go:153.35,154.46 1 1
github.com/joshsukhdeo/gh-pt/cmd/state_mgmt.go:154.46,158.7 1 1
github.com/joshsukhdeo/gh-pt/cmd/state_mgmt.go:159.11,163.6 1 1
github.com/joshsukhdeo/gh-pt/cmd/state_mgmt.go:164.10,167.25 2 1
github.com/joshsukhdeo/gh-pt/cmd/state_mgmt.go:167.25,169.6 1 1
github.com/joshsukhdeo/gh-pt/cmd/state_mgmt.go:170.5,172.7 1 1
github.com/joshsukhdeo/gh-pt/cmd/state_mgmt.go:177.2,178.12 2 1
github.com/joshsukhdeo/gh-pt/cmd/state_mgmt.go:181.62,185.33 3 1
github.com/joshsukhdeo/gh-pt/cmd/state_mgmt.go:185.33,186.43 1 1
github.com/joshsukhdeo/gh-pt/cmd/state_mgmt.go:186.43,188.12 2 0
github.com/joshsukhdeo/gh-pt/cmd/state_mgmt.go:190.3,190.38 1 1
github.com/joshsukhdeo/gh-pt/cmd/state_mgmt.go:190.38,191.47 1 1
github.com/joshsukhdeo/gh-pt/cmd/state_mgmt.go:191.47,193.10 2 0
github.com/joshsukhdeo/gh-pt/cmd/state_mgmt.go:196.3,197.58 2 1
github.com/joshsukhdeo/gh-pt/cmd/state_mgmt.go:197.58,199.4 1 1
github.com/joshsukhdeo/gh-pt/cmd/state_mgmt.go:201.2,201.16 1 1
github.com/joshsukhdeo/gh-pt/cmd/state_mgmt.go:204.59,205.16 1 1
github.com/joshsukhdeo/gh-pt/cmd/state_mgmt.go:205.16,207.3 1 0
github.com/joshsukhdeo/gh-pt/cmd/state_mgmt.go:208.2,208.57 1 1
github.com/joshsukhdeo/gh-pt/cmd/state_mgmt.go:208.57,210.3 1 0
github.com/joshsukhdeo/gh-pt/cmd/state_mgmt.go:211.2,212.86 2 1
github.com/joshsukhdeo/gh-pt/cmd/state_mgmt.go:212.86,214.3 1 0
github.com/joshsukhdeo/gh-pt/cmd/state_mgmt.go:215.2,215.43 1 1
github.com/joshsukhdeo/gh-pt/cmd/state_mgmt.go:215.43,217.3 1 0
github.com/joshsukhdeo/gh-pt/cmd/state_mgmt.go:218.2,220.16 3 1
github.com/joshsukhdeo/gh-pt/cmd/state_mgmt.go:220.16,222.3 1 0
github.com/joshsukhdeo/gh-pt/cmd/state_mgmt.go:223.2,224.16 2 1
github.com/joshsukhdeo/gh-pt/cmd/state_mgmt.go:224.16,226.3 1 0
github.com/joshsukhdeo/gh-pt/cmd/state_mgmt.go:227.2,228.16 2 1
github.com/joshsukhdeo/gh-pt/cmd/state_mgmt.go:228.16,230.3 1 0
github.com/joshsukhdeo/gh-pt/cmd/state_mgmt.go:231.2,231.76 1 1
github.com/joshsukhdeo/gh-pt/cmd/state_mgmt.go:231.76,233.3 1 0
github.com/joshsukhdeo/gh-pt/cmd/state_mgmt.go:234.2,234.22 1 1
github.com/joshsukhdeo/gh-pt/cmd/state_mgmt.go:237.39,239.16 2 1
github.com/joshsukhdeo/gh-pt/cmd/state_mgmt.go:239.16,241.3 1 0
github.com/joshsukhdeo/gh-pt/cmd/state_mgmt.go:243.2,244.24 2 1
github.com/joshsukhdeo/gh-pt/cmd/state_mgmt.go:244.24,247.3 2 0
github.com/joshsukhdeo/gh-pt/cmd/state_mgmt.go:249.2,249.29 1 1
github.com/joshsukhdeo/gh-pt/cmd/state_mgmt.go:249.29,253.32 2 1
github.com/joshsukhdeo/gh-pt/cmd/state_mgmt.go:253.32,254.45 1 0
github.com/joshsukhdeo/gh-pt/cmd/state_mgmt.go:254.45,258.52 3 0
github.com/joshsukhdeo/gh-pt/cmd/state_mgmt.go:258.52,260.6 1 0
github.com/joshsukhdeo/gh-pt/cmd/state_mgmt.go:260.11,260.58 1 0
github.com/joshsukhdeo/gh-pt/cmd/state_mgmt.go:260.58,262.6 1 0
github.com/joshsukhdeo/gh-pt/cmd/state_mgmt.go:262.11,262.61 1 0
github.com/joshsukhdeo/gh-pt/cmd/state_mgmt.go:262.61,264.6 1 0
github.com/joshsukhdeo/gh-pt/cmd/state_mgmt.go:264.11,264.58 1 0
github.com/joshsukhdeo/gh-pt/cmd/state_mgmt.go:264.58,266.6 1 0
github.com/joshsukhdeo/gh-pt/cmd/state_mgmt.go:268.5,268.19 1 0
github.com/joshsukhdeo/gh-pt/cmd/state_mgmt.go:268.19,269.38 1 0
github.com/joshsukhdeo/gh-pt/cmd/state_mgmt.go:269.38,271.7 1 0
github.com/joshsukhdeo/gh-pt/cmd/state_mgmt.go:271.12,273.7 1 0
github.com/joshsukhdeo/gh-pt/cmd/state_mgmt.go:279.3,279.27 1 1
github.com/joshsukhdeo/gh-pt/cmd/state_mgmt.go:279.27,284.27 3 1
github.com/joshsukhdeo/gh-pt/cmd/state_mgmt.go:284.27,285.40 1 1
github.com/joshsukhdeo/gh-pt/cmd/state_mgmt.go:285.40,287.70 2 1
github.com/joshsukhdeo/gh-pt/cmd/state_mgmt.go:287.70,289.7 1 0
github.com/joshsukhdeo/gh-pt/cmd/state_mgmt.go:289.12,289.27 1 1
github.com/joshsukhdeo/gh-pt/cmd/state_mgmt.go:289.27,291.7 1 0
github.com/joshsukhdeo/gh-pt/cmd/state_mgmt.go:293.10,296.69 2 0
github.com/joshsukhdeo/gh-pt/cmd/state_mgmt.go:296.69,298.6 1 0
github.com/joshsukhdeo/gh-pt/cmd/state_mgmt.go:298.11,298.26 1 0
github.com/joshsukhdeo/gh-pt/cmd/state_mgmt.go:298.26,300.6 1 0
github.com/joshsukhdeo/gh-pt/cmd/state_mgmt.go:304.3,306.36 3 1
github.com/joshsukhdeo/gh-pt/cmd/state_mgmt.go:308.2,308.18 1 1
github.com/joshsukhdeo/gh-pt/cmd/state_mgmt.go:310.49,312.16 2 1
github.com/joshsukhdeo/gh-pt/cmd/state_mgmt.go:312.16,314.3 1 0
github.com/joshsukhdeo/gh-pt/cmd/state_mgmt.go:316.2,317.24 2 1
github.com/joshsukhdeo/gh-pt/cmd/state_mgmt.go:317.24,320.3 2 0
github.com/joshsukhdeo/gh-pt/cmd/state_mgmt.go:322.2,322.29 1 1
github.com/joshsukhdeo/gh-pt/cmd/state_mgmt.go:322.29,325.32 2 1
github.com/joshsukhdeo/gh-pt/cmd/state_mgmt.go:325.32,326.45 1 0
github.com/joshsukhdeo/gh-pt/cmd/state_mgmt.go:326.45,329.52 3 0
github.com/joshsukhdeo/gh-pt/cmd/state_mgmt.go:329.52,331.6 1 0
github.com/joshsukhdeo/gh-pt/cmd/state_mgmt.go:331.11,331.58 1 0
github.com/joshsukhdeo/gh-pt/cmd/state_mgmt.go:331.58,333.6 1 0
github.com/joshsukhdeo/gh-pt/cmd/state_mgmt.go:333.11,333.61 1 0
github.com/joshsukhdeo/gh-pt/cmd/state_mgmt.go:333.61,335.6 1 0
github.com/joshsukhdeo/gh-pt/cmd/state_mgmt.go:335.11,335.58 1 0
github.com/joshsukhdeo/gh-pt/cmd/state_mgmt.go:335.58,337.6 1 0
github.com/joshsukhdeo/gh-pt/cmd/state_mgmt.go:339.5,339.19 1 0
github.com/joshsukhdeo/gh-pt/cmd/state_mgmt.go:339.19,340.38 1 0
github.com/joshsukhdeo/gh-pt/cmd/state_mgmt.go:340.38,342.7 1 0
github.com/joshsukhdeo/gh-pt/cmd/state_mgmt.go:342.12,344.7 1 0
github.com/joshsukhdeo/gh-pt/cmd/state_mgmt.go:347.9,347.61 1 1
github.com/joshsukhdeo/gh-pt/cmd/state_mgmt.go:347.61,351.27 3 1
github.com/joshsukhdeo/gh-pt/cmd/state_mgmt.go:351.27,352.40 1 1
github.com/joshsukhdeo/gh-pt/cmd/state_mgmt.go:352.40,354.20 2 1
github.com/joshsukhdeo/gh-pt/cmd/state_mgmt.go:354.20,356.15 2 0
github.com/joshsukhdeo/gh-pt/cmd/state_mgmt.go:358.6,358.70 1 1
github.com/joshsukhdeo/gh-pt/cmd/state_mgmt.go:358.70,360.7 1 0
github.com/joshsukhdeo/gh-pt/cmd/state_mgmt.go:360.12,360.27 1 1
github.com/joshsukhdeo/gh-pt/cmd/state_mgmt.go:360.27,362.7 1 1
github.com/joshsukhdeo/gh-pt/cmd/state_mgmt.go:364.10,366.19 2 1
github.com/joshsukhdeo/gh-pt/cmd/state_mgmt.go:366.19,368.6 1 0
github.com/joshsukhdeo/gh-pt/cmd/state_mgmt.go:368.11,369.70 1 1
github.com/joshsukhdeo/gh-pt/cmd/state_mgmt.go:369.70,371.7 1 0
github.com/joshsukhdeo/gh-pt/cmd/state_mgmt.go:371.12,371.27 1 1
github.com/joshsukhdeo/gh-pt/cmd/state_mgmt.go:371.27,373.7 1 0
github.com/joshsukhdeo/gh-pt/cmd/state_mgmt.go:377.4,377.46 1 1
github.com/joshsukhdeo/gh-pt/cmd/state_mgmt.go:377.46,379.19 2 0
github.com/joshsukhdeo/gh-pt/cmd/state_mgmt.go:379.19,381.14 2 0
github.com/joshsukhdeo/gh-pt/cmd/state_mgmt.go:383.5,383.69 1 0
github.com/joshsukhdeo/gh-pt/cmd/state_mgmt.go:383.69,385.6 1 0
github.com/joshsukhdeo/gh-pt/cmd/state_mgmt.go:385.11,385.26 1 0
github.com/joshsukhdeo/gh-pt/cmd/state_mgmt.go:385.26,387.6 1 0
github.com/joshsukhdeo/gh-pt/cmd/state_mgmt.go:391.3,391.28 1 1
github.com/joshsukhdeo/gh-pt/cmd/state_mgmt.go:391.28,392.37 1 0
github.com/joshsukhdeo/gh-pt/cmd/state_mgmt.go:392.37,393.56 1 0
github.com/joshsukhdeo/gh-pt/cmd/state_mgmt.go:393.56,395.6 1 0
github.com/joshsukhdeo/gh-pt/cmd/state_mgmt.go:395.11,397.6 1 0
github.com/joshsukhdeo/gh-pt/cmd/state_mgmt.go:398.10,400.5 1 0
github.com/joshsukhdeo/gh-pt/cmd/state_mgmt.go:403.3,403.30 1 1
github.com/joshsukhdeo/gh-pt/cmd/state_mgmt.go:403.30,404.78 1 1
github.com/joshsukhdeo/gh-pt/cmd/state_mgmt.go:404.78,406.5 1 0
github.com/joshsukhdeo/gh-pt/cmd/state_mgmt.go:406.10,406.25 1 1
github.com/joshsukhdeo/gh-pt/cmd/state_mgmt.go:406.25,407.14 1 1
github.com/joshsukhdeo/gh-pt/cmd/state_mgmt.go:407.14,409.6 1 1
github.com/joshsukhdeo/gh-pt/cmd/state_mgmt.go:409.11,411.6 1 0
github.com/joshsukhdeo/gh-pt/cmd/state_mgmt.go:414.4,415.27 2 1
github.com/joshsukhdeo/gh-pt/cmd/state_mgmt.go:415.27,418.5 2 1
github.com/joshsukhdeo/gh-pt/cmd/state_mgmt.go:421.3,423.36 3 1
github.com/joshsukhdeo/gh-pt/cmd/state_mgmt.go:425.2,425.18 1 1
github.com/joshsukhdeo/gh-pt/cmd/state_mgmt.go:428.39,430.16 2 1
github.com/joshsukhdeo/gh-pt/cmd/state_mgmt.go:430.16,432.3 1 0
github.com/joshsukhdeo/gh-pt/cmd/state_mgmt.go:434.2,435.21 2 1
github.com/joshsukhdeo/gh-pt/cmd/state_mgmt.go:435.21,438.3 2 0
github.com/joshsukhdeo/gh-pt/cmd/state_mgmt.go:440.2,440.26 1 1
github.com/joshsukhdeo/gh-pt/cmd/state_mgmt.go:440.26,444.3 3 1
github.com/joshsukhdeo/gh-pt/cmd/state_mgmt.go:445.2,445.18 1 1
github.com/joshsukhdeo/gh-pt/cmd/state_mgmt.go:448.24,450.16 2 0
github.com/joshsukhdeo/gh-pt/cmd/state_mgmt.go:450.16,452.3 1 0
github.com/joshsukhdeo/gh-pt/cmd/state_mgmt.go:454.2,454.23 1 0
github.com/joshsukhdeo/gh-pt/cmd/state_mgmt.go:454.23,457.3 2 0
github.com/joshsukhdeo/gh-pt/cmd/state_mgmt.go:459.2,459.6 1 0
github.com/joshsukhdeo/gh-pt/cmd/state_mgmt.go:459.6,465.17 2 0
github.com/joshsukhdeo/gh-pt/cmd/state_mgmt.go:466.38,467.30 1 0
github.com/joshsukhdeo/gh-pt/cmd/state_mgmt.go:468.30,469.27 1 0
github.com/joshsukhdeo/gh-pt/cmd/state_mgmt.go:470.28,471.26 1 0
github.com/joshsukhdeo/gh-pt/cmd/state_mgmt.go:472.15,473.14 1 0
github.com/joshsukhdeo/gh-pt/cmd/state_mgmt.go:478.46,483.25 4 0
github.com/joshsukhdeo/gh-pt/cmd/state_mgmt.go:483.25,485.3 1 0
github.com/joshsukhdeo/gh-pt/cmd/state_mgmt.go:486.2,488.29 2 0
github.com/joshsukhdeo/gh-pt/cmd/state_mgmt.go:488.29,491.17 3 0
github.com/joshsukhdeo/gh-pt/cmd/state_mgmt.go:491.17,493.4 1 0
github.com/joshsukhdeo/gh-pt/cmd/state_mgmt.go:494.3,496.20 3 0
github.com/joshsukhdeo/gh-pt/cmd/state_mgmt.go:496.20,498.4 1 0
github.com/joshsukhdeo/gh-pt/cmd/state_mgmt.go:501.2,509.29 4 0
github.com/joshsukhdeo/gh-pt/cmd/state_mgmt.go:509.29,511.3 1 0
github.com/joshsukhdeo/gh-pt/cmd/state_mgmt.go:513.2,513.29 1 0
github.com/joshsukhdeo/gh-pt/cmd/state_mgmt.go:513.29,516.17 3 0
github.com/joshsukhdeo/gh-pt/cmd/state_mgmt.go:516.17,518.4 1 0
github.com/joshsukhdeo/gh-pt/cmd/state_mgmt.go:519.3,520.37 2 0
github.com/joshsukhdeo/gh-pt/cmd/state_mgmt.go:523.2,523.34 1 0
github.com/joshsukhdeo/gh-pt/cmd/state_mgmt.go:523.34,525.3 1 0
github.com/joshsukhdeo/gh-pt/cmd/state_mgmt.go:525.8,527.3 1 0
github.com/joshsukhdeo/gh-pt/cmd/state_mgmt.go:530.43,532.30 2 0
github.com/joshsukhdeo/gh-pt/cmd/state_mgmt.go:532.30,534.17 2 0
github.com/joshsukhdeo/gh-pt/cmd/state_mgmt.go:534.17,536.4 1 0
github.com/joshsukhdeo/gh-pt/cmd/state_mgmt.go:537.3,537.60 1 0
github.com/joshsukhdeo/gh-pt/cmd/state_mgmt.go:539.2,548.23 4 0
github.com/joshsukhdeo/gh-pt/cmd/state_mgmt.go:548.23,549.34 1 0
github.com/joshsukhdeo/gh-pt/cmd/state_mgmt.go:549.34,551.23 2 0
github.com/joshsukhdeo/gh-pt/cmd/state_mgmt.go:551.23,556.5 4 0
github.com/joshsukhdeo/gh-pt/cmd/state_mgmt.go:558.3,558.35 1 0
github.com/joshsukhdeo/gh-pt/cmd/state_mgmt.go:558.35,560.4 1 0
github.com/joshsukhdeo/gh-pt/cmd/state_mgmt.go:560.9,562.4 1 0
github.com/joshsukhdeo/gh-pt/cmd/state_mgmt.go:566.42,568.25 2 0
github.com/joshsukhdeo/gh-pt/cmd/state_mgmt.go:568.25,570.3 1 0
github.com/joshsukhdeo/gh-pt/cmd/state_mgmt.go:571.2,579.31 4 0
github.com/joshsukhdeo/gh-pt/cmd/state_mgmt.go:579.31,581.3 1 0
github.com/joshsukhdeo/gh-pt/cmd/state_mgmt.go:583.2,584.6 2 0
github.com/joshsukhdeo/gh-pt/cmd/state_mgmt.go:584.6,601.30 3 0
github.com/joshsukhdeo/gh-pt/cmd/state_mgmt.go:601.30,602.9 1 0
github.com/joshsukhdeo/gh-pt/cmd/state_mgmt.go:605.3,606.22 2 0
github.com/joshsukhdeo/gh-pt/cmd/state_mgmt.go:606.22,607.12 1 0
github.com/joshsukhdeo/gh-pt/cmd/state_mgmt.go:609.3,611.20 2 0
github.com/joshsukhdeo/gh-pt/cmd/state_mgmt.go:612.21,613.127 1 0
github.com/joshsukhdeo/gh-pt/cmd/state_mgmt.go:614.23,615.133 1 0
github.com/joshsukhdeo/gh-pt/cmd/state_mgmt.go:616.18,617.118 1 0
github.com/joshsukhdeo/gh-pt/cmd/state_mgmt.go:618.17,619.113 1 0
github.com/joshsukhdeo/gh-pt/cmd/state_mgmt.go:620.19,621.119 1 0
github.com/joshsukhdeo/gh-pt/cmd/state_mgmt.go:622.20,623.124 1 0
github.com/joshsukhdeo/gh-pt/cmd/state_mgmt.go:624.23,625.131 1 0
github.com/joshsukhdeo/gh-pt/cmd/state_mgmt.go:629.2,629.34 1 0
github.com/joshsukhdeo/gh-pt/cmd/state_mgmt.go:629.34,631.3 1 0
github.com/joshsukhdeo/gh-pt/cmd/state_mgmt.go:631.8,633.3 1 0
github.com/joshsukhdeo/gh-pt/cmd/update.go:15.59,17.16 2 0
github.com/joshsukhdeo/gh-pt/cmd/update.go:17.16,19.3 1 0
github.com/joshsukhdeo/gh-pt/cmd/update.go:21.2,21.30 1 0
github.com/joshsukhdeo/gh-pt/cmd/update.go:21.30,24.62 2 0
github.com/joshsukhdeo/gh-pt/cmd/update.go:24.62,25.12 1 0
github.com/joshsukhdeo/gh-pt/cmd/update.go:28.3,28.44 1 0
github.com/joshsukhdeo/gh-pt/cmd/update.go:28.44,29.12 1 0
github.com/joshsukhdeo/gh-pt/cmd/update.go:32.3,32.42 1 0
github.com/joshsukhdeo/gh-pt/cmd/update.go:32.42,34.12 2 0
github.com/joshsukhdeo/gh-pt/cmd/update.go:37.3,37.55 1 0
github.com/joshsukhdeo/gh-pt/cmd/update.go:37.55,38.43 1 0
github.com/joshsukhdeo/gh-pt/cmd/update.go:38.43,39.13 1 0
github.com/joshsukhdeo/gh-pt/cmd/update.go:41.4,41.43 1 0
github.com/joshsukhdeo/gh-pt/cmd/update.go:41.43,42.13 1 0
github.com/joshsukhdeo/gh-pt/cmd/update.go:46.3,48.30 2 0
github.com/joshsukhdeo/gh-pt/cmd/update.go:48.30,52.49 3 0
github.com/joshsukhdeo/gh-pt/cmd/update.go:52.49,54.58 2 0
github.com/joshsukhdeo/gh-pt/cmd/update.go:54.58,56.14 2 0
github.com/joshsukhdeo/gh-pt/cmd/update.go:58.5,58.27 1 0
github.com/joshsukhdeo/gh-pt/cmd/update.go:58.27,60.6 1 0
github.com/joshsukhdeo/gh-pt/cmd/update.go:61.10,63.5 1 0
github.com/joshsukhdeo/gh-pt/cmd/update.go:65.4,65.28 1 0
github.com/joshsukhdeo/gh-pt/cmd/update.go:65.28,67.13 2 0
github.com/joshsukhdeo/gh-pt/cmd/update.go:70.4,71.33 2 0
github.com/joshsukhdeo/gh-pt/cmd/update.go:71.33,73.5 1 0
github.com/joshsukhdeo/gh-pt/cmd/update.go:73.10,75.5 1 0
github.com/joshsukhdeo/gh-pt/cmd/update.go:76.4,80.36 4 0
github.com/joshsukhdeo/gh-pt/cmd/update.go:80.36,82.5 1 0
github.com/joshsukhdeo/gh-pt/cmd/update.go:82.10,84.27 2 0
github.com/joshsukhdeo/gh-pt/cmd/update.go:84.27,86.6 1 0
github.com/joshsukhdeo/gh-pt/cmd/update.go:88.5,90.19 2 0
github.com/joshsukhdeo/gh-pt/cmd/update.go:92.4,92.12 1 0
github.com/joshsukhdeo/gh-pt/cmd/update.go:95.3,95.28 1 0
github.com/joshsukhdeo/gh-pt/cmd/update.go:95.28,96.28 1 0
github.com/joshsukhdeo/gh-pt/cmd/update.go:96.28,98.13 2 0
github.com/joshsukhdeo/gh-pt/cmd/update.go:101.4,102.16 2 0
github.com/joshsukhdeo/gh-pt/cmd/update.go:102.16,104.5 1 0
github.com/joshsukhdeo/gh-pt/cmd/update.go:104.10,106.5 1 0
github.com/joshsukhdeo/gh-pt/cmd/update.go:109.4,112.18 4 0
github.com/joshsukhdeo/gh-pt/cmd/update.go:112.18,114.5 1 0
github.com/joshsukhdeo/gh-pt/cmd/update.go:114.10,117.44 2 0
github.com/joshsukhdeo/gh-pt/cmd/update.go:117.44,121.24 4 0
github.com/joshsukhdeo/gh-pt/cmd/update.go:121.24,123.7 1 0
github.com/joshsukhdeo/gh-pt/cmd/update.go:123.12,125.7 1 0
github.com/joshsukhdeo/gh-pt/cmd/update.go:128.5,128.60 1 0
github.com/joshsukhdeo/gh-pt/cmd/update.go:130.4,130.12 1 0
github.com/joshsukhdeo/gh-pt/cmd/update.go:134.3,140.41 7 0
github.com/joshsukhdeo/gh-pt/cmd/update.go:140.41,143.4 2 0
github.com/joshsukhdeo/gh-pt/cmd/update.go:143.9,145.4 1 0
github.com/joshsukhdeo/gh-pt/cmd/update.go:146.3,147.24 2 0
github.com/joshsukhdeo/gh-pt/cmd/update.go:147.24,149.4 1 0
github.com/joshsukhdeo/gh-pt/cmd/update.go:150.3,156.23 6 0
github.com/joshsukhdeo/gh-pt/cmd/update.go:156.23,158.4 1 0
github.com/joshsukhdeo/gh-pt/cmd/update.go:159.3,159.27 1 0
github.com/joshsukhdeo/gh-pt/cmd/update.go:159.27,162.4 2 0
github.com/joshsukhdeo/gh-pt/cmd/update.go:165.3,167.17 3 0
github.com/joshsukhdeo/gh-pt/cmd/update.go:167.17,169.12 2 0
github.com/joshsukhdeo/gh-pt/cmd/update.go:174.3,177.43 3 0
github.com/joshsukhdeo/gh-pt/cmd/update.go:177.43,179.12 2 0
github.com/joshsukhdeo/gh-pt/cmd/update.go:182.3,192.17 5 0
github.com/joshsukhdeo/gh-pt/cmd/update.go:192.17,194.4 1 0
github.com/joshsukhdeo/gh-pt/cmd/update.go:194.9,197.4 2 0
github.com/joshsukhdeo/gh-pt/cmd/update.go:200.2,200.12 1 0
